> Task :common:checkKotlinGradlePluginConfigurationErrors SKIPPED
> Task :common:convertXmlValueResourcesForCommonMain NO-SOURCE
> Task :common:copyNonXmlValueResourcesForCommonMain NO-SOURCE
> Task :common:prepareComposeResourcesTaskForCommonMain NO-SOURCE
> Task :common:generateResourceAccessorsForCommonMain SKIPPED
> Task :common:convertXmlValueResourcesForDesktopMain NO-SOURCE
> Task :common:copyNonXmlValueResourcesForDesktopMain NO-SOURCE
> Task :common:prepareComposeResourcesTaskForDesktopMain NO-SOURCE
> Task :common:generateResourceAccessorsForDesktopMain SKIPPED
> Task :common:generateActualResourceCollectorsForDesktopMain SKIPPED
> Task :common:generateComposeResClass SKIPPED
> Task :common:generateDesktopMainNonAndroidBuildConfig SKIPPED
> Task :common:generateExpectResourceCollectorsForCommonMain SKIPPED
> Task :common:adjustFormatting
> Task :common:cleanSimplexAssets UP-TO-DATE
> Task :common:generateMRcommonMain UP-TO-DATE
> Task :common:generateMRdesktopMain UP-TO-DATE
> Task :common:generateNonAndroidBuildConfig UP-TO-DATE
> Task :common:compileKotlinDesktop UP-TO-DATE
> Task :common:compileDesktopMainJava NO-SOURCE
> Task :common:assembleDesktopMainResources UP-TO-DATE
> Task :common:desktopProcessResources UP-TO-DATE
> Task :common:processDesktopMainResources SKIPPED
> Task :common:desktopMainClasses UP-TO-DATE
> Task :common:desktopJar UP-TO-DATE
> Task :common:generateDesktopTestNonAndroidBuildConfig SKIPPED
> Task :common:convertXmlValueResourcesForCommonTest NO-SOURCE
> Task :common:copyNonXmlValueResourcesForCommonTest NO-SOURCE
> Task :common:prepareComposeResourcesTaskForCommonTest NO-SOURCE
> Task :common:generateResourceAccessorsForCommonTest SKIPPED
> Task :common:convertXmlValueResourcesForDesktopTest NO-SOURCE
> Task :common:copyNonXmlValueResourcesForDesktopTest NO-SOURCE
> Task :common:prepareComposeResourcesTaskForDesktopTest NO-SOURCE
> Task :common:generateResourceAccessorsForDesktopTest SKIPPED
> Task :common:generateTestNonAndroidBuildConfig SKIPPED
> Task :common:compileTestKotlinDesktop UP-TO-DATE
> Task :common:compileDesktopTestJava NO-SOURCE
> Task :common:assembleDesktopTestResources UP-TO-DATE
> Task :common:desktopTestProcessResources UP-TO-DATE
> Task :common:processDesktopTestResources SKIPPED
> Task :common:desktopTestClasses UP-TO-DATE
> Task :common:desktopTest UP-TO-DATE
> Task :android:checkKotlinGradlePluginConfigurationErrors SKIPPED
> Task :android:preBuild UP-TO-DATE
> Task :android:preDebugBuild UP-TO-DATE
> Task :android:generateDebugBuildConfig UP-TO-DATE
> Task :common:preBuild UP-TO-DATE
> Task :common:preDebugBuild UP-TO-DATE
> Task :common:writeDebugAarMetadata UP-TO-DATE
> Task :android:checkDebugAarMetadata UP-TO-DATE
> Task :android:generateDebugResValues UP-TO-DATE
> Task :common:generateMRandroidMain UP-TO-DATE
> Task :common:generateDebugResValues UP-TO-DATE
> Task :common:generateDebugResources UP-TO-DATE
> Task :common:packageDebugResources UP-TO-DATE
> Task :android:mapDebugSourceSetPaths UP-TO-DATE
> Task :android:generateDebugResources UP-TO-DATE
> Task :android:mergeDebugResources UP-TO-DATE
> Task :android:packageDebugResources UP-TO-DATE
> Task :android:parseDebugLocalResources UP-TO-DATE
> Task :android:createDebugCompatibleScreenManifests UP-TO-DATE
> Task :android:extractDeepLinksDebug UP-TO-DATE
> Task :common:extractDeepLinksDebug UP-TO-DATE
> Task :common:processDebugManifest UP-TO-DATE
> Task :android:processDebugMainManifest UP-TO-DATE
> Task :android:processDebugManifest UP-TO-DATE
> Task :android:processDebugManifestForPackage UP-TO-DATE
> Task :common:compileDebugLibraryResources UP-TO-DATE
> Task :common:parseDebugLocalResources UP-TO-DATE
> Task :common:generateDebugRFile UP-TO-DATE
> Task :android:processDebugResources UP-TO-DATE
> Task :common:convertXmlValueResourcesForAndroidMain NO-SOURCE
> Task :common:copyNonXmlValueResourcesForAndroidMain NO-SOURCE
> Task :common:prepareComposeResourcesTaskForAndroidMain NO-SOURCE
> Task :common:generateResourceAccessorsForAndroidMain SKIPPED
> Task :common:generateActualResourceCollectorsForAndroidMain SKIPPED
> Task :common:generateAndroidDebugNonAndroidBuildConfig SKIPPED
> Task :common:generateAndroidMainNonAndroidBuildConfig SKIPPED
> Task :common:convertXmlValueResourcesForAndroidDebug NO-SOURCE
> Task :common:copyNonXmlValueResourcesForAndroidDebug NO-SOURCE
> Task :common:prepareComposeResourcesTaskForAndroidDebug NO-SOURCE
> Task :common:generateResourceAccessorsForAndroidDebug SKIPPED
> Task :common:compileDebugKotlinAndroid UP-TO-DATE
> Task :common:javaPreCompileDebug UP-TO-DATE
> Task :common:compileDebugJavaWithJavac NO-SOURCE
> Task :common:bundleLibCompileToJarDebug UP-TO-DATE
> Task :android:compileDebugKotlin UP-TO-DATE
> Task :android:javaPreCompileDebug UP-TO-DATE
> Task :android:compileDebugJavaWithJavac UP-TO-DATE
> Task :android:bundleDebugClassesToRuntimeJar UP-TO-DATE
> Task :android:bundleDebugClassesToCompileJar UP-TO-DATE
> Task :android:compileDebugUnitTestKotlin UP-TO-DATE
> Task :android:preDebugUnitTestBuild UP-TO-DATE
> Task :android:javaPreCompileDebugUnitTest UP-TO-DATE
> Task :android:compileDebugUnitTestJavaWithJavac NO-SOURCE
> Task :android:processDebugJavaRes UP-TO-DATE
> Task :android:processDebugUnitTestJavaRes UP-TO-DATE
> Task :common:bundleLibRuntimeToJarDebug UP-TO-DATE
> Task :common:processDebugJavaRes UP-TO-DATE
> Task :android:testDebugUnitTest UP-TO-DATE
> Task :common:mergeDebugJniLibFolders UP-TO-DATE
> Task :common:mergeDebugNativeLibs NO-SOURCE
> Task :common:stripDebugDebugSymbols NO-SOURCE
> Task :common:copyDebugJniLibsProjectAndLocalJars UP-TO-DATE
> Task :common:extractDebugAnnotations UP-TO-DATE
> Task :common:extractDeepLinksForAarDebug UP-TO-DATE
> Task :common:mergeDebugGeneratedProguardFiles UP-TO-DATE
> Task :common:mergeDebugConsumerProguardFiles UP-TO-DATE
> Task :common:mergeDebugShaders UP-TO-DATE
> Task :common:compileDebugShaders NO-SOURCE
> Task :common:copyDebugComposeResourcesToAndroidAssets UP-TO-DATE
> Task :common:debugAssetsCopyForAGP NO-SOURCE
> Task :common:generateDebugAssets UP-TO-DATE
> Task :common:packageDebugAssets UP-TO-DATE
> Task :common:prepareDebugArtProfile UP-TO-DATE
> Task :common:prepareLintJarForPublish UP-TO-DATE
> Task :common:mergeDebugJavaResource UP-TO-DATE
> Task :common:syncDebugLibJars UP-TO-DATE
> Task :common:bundleDebugLocalLintAar UP-TO-DATE
> Task :android:preDebugAndroidTestBuild SKIPPED
> Task :android:generateDebugAndroidTestResValues UP-TO-DATE
> Task :common:createFullJarDebug UP-TO-DATE
> Task :common:writeDebugLintModelMetadata UP-TO-DATE
> Task :android:generateDebugAndroidTestLintModel UP-TO-DATE
> Task :android:extractProguardFiles UP-TO-DATE
> Task :common:extractProguardFiles UP-TO-DATE
> Task :common:generateDebugLintModel UP-TO-DATE
> Task :android:generateDebugLintReportModel UP-TO-DATE
> Task :android:generateDebugUnitTestLintModel UP-TO-DATE
> Task :common:lintAnalyzeDebug UP-TO-DATE
> Task :android:lintAnalyzeDebug UP-TO-DATE
> Task :android:lintAnalyzeDebugAndroidTest UP-TO-DATE
> Task :android:lintAnalyzeDebugUnitTest UP-TO-DATE
> Task :common:preDebugAndroidTestBuild UP-TO-DATE
> Task :common:generateDebugAndroidTestResValues UP-TO-DATE
> Task :common:generateDebugAndroidTestLintModel UP-TO-DATE
> Task :common:preDebugUnitTestBuild UP-TO-DATE
> Task :common:generateDebugUnitTestLintModel UP-TO-DATE
> Task :common:lintAnalyzeDebugAndroidTest UP-TO-DATE
> Task :common:lintAnalyzeDebugUnitTest UP-TO-DATE
> Task :android:lintReportDebug UP-TO-DATE
> Task :android:lintDebug
> Task :android:mergeDebugNativeDebugMetadata NO-SOURCE
> Task :android:mergeDebugShaders UP-TO-DATE
> Task :android:compileDebugShaders NO-SOURCE
> Task :android:generateDebugAssets UP-TO-DATE
> Task :android:mergeDebugAssets UP-TO-DATE
> Task :android:compressDebugAssets UP-TO-DATE
> Task :android:mergeDebugJavaResource UP-TO-DATE
> Task :android:checkDebugDuplicateClasses UP-TO-DATE
> Task :android:desugarDebugFileDependencies UP-TO-DATE
> Task :android:mergeExtDexDebug UP-TO-DATE
> Task :common:bundleLibRuntimeToDirDebug UP-TO-DATE
> Task :android:dexBuilderDebug UP-TO-DATE
> Task :android:mergeProjectDexDebug UP-TO-DATE
> Task :android:configureCMakeDebug[arm64-v8a]
> Task :android:buildCMakeDebug[arm64-v8a]
> Task :android:mergeLibDexDebug UP-TO-DATE
> Task :android:configureCMakeDebug[armeabi-v7a]
> Task :android:buildCMakeDebug[armeabi-v7a]
> Task :android:mergeDebugJniLibFolders UP-TO-DATE
> Task :common:copyDebugJniLibsProjectOnly UP-TO-DATE
> Task :android:mergeDebugNativeLibs UP-TO-DATE
> Task :android:stripDebugDebugSymbols UP-TO-DATE
> Task :android:validateSigningDebug UP-TO-DATE
> Task :android:writeDebugAppMetadata UP-TO-DATE
> Task :android:writeDebugSigningConfigVersions UP-TO-DATE
> Task :android:packageDebug UP-TO-DATE
> Task :android:createDebugApkListingFileRedirect UP-TO-DATE
> Task :android:assembleDebug UP-TO-DATE

BUILD SUCCESSFUL in 2s
110 actionable tasks: 6 executed, 104 up-to-date
